179.58.181.207 - - [22/Mar/2026:07:37:59 +0000] "GET / HTTP/1.1" 200 270 "-" "Mozilla/5.0 (Windows NT 10.0; Win64; x64) AppleWebKit/537.36 (KHTML, like Gecko) Chrome/146.0.0.0 Safari/537.36 Edg/146.0.0.0" "179.58.181.207" response-time=0.001
54.160.63.64 - - [22/Mar/2026:07:59:53 +0000] "GET / HTTP/1.1" 500 1180 "-" "python-requests/2.32.5" "54.160.63.64" response-time=0.013
179.58.181.207 - - [22/Mar/2026:07:59:57 +0000] "GET / HTTP/1.1" 500 1180 "-" "Mozilla/5.0 (Windows NT 10.0; Win64; x64) AppleWebKit/537.36 (KHTML, like Gecko) Chrome/146.0.0.0 Safari/537.36 Edg/146.0.0.0" "179.58.181.207" response-time=0.020
54.160.63.64 - - [22/Mar/2026:08:02:35 +0000] "GET / HTTP/1.1" 500 1180 "-" "python-requests/2.32.5" "54.160.63.64" response-time=0.012
179.58.181.207 - - [22/Mar/2026:08:03:01 +0000] "GET / HTTP/1.1" 500 1180 "-" "Mozilla/5.0 (Windows NT 10.0; Win64; x64) AppleWebKit/537.36 (KHTML, like Gecko) Chrome/146.0.0.0 Safari/537.36 Edg/146.0.0.0" "179.58.181.207" response-time=0.003
54.160.63.64 - - [22/Mar/2026:08:06:39 +0000] "GET / HTTP/1.1" 500 1180 "-" "python-requests/2.32.5" "54.160.63.64" response-time=0.793
179.58.181.207 - - [22/Mar/2026:08:06:41 +0000] "GET / HTTP/1.1" 500 1180 "-" "Mozilla/5.0 (Windows NT 10.0; Win64; x64) AppleWebKit/537.36 (KHTML, like Gecko) Chrome/146.0.0.0 Safari/537.36 Edg/146.0.0.0" "179.58.181.207" response-time=0.007
179.58.181.207 - - [22/Mar/2026:08:12:21 +0000] "GET / HTTP/1.1" 502 1661 "-" "Mozilla/5.0 (Windows NT 10.0; Win64; x64) AppleWebKit/537.36 (KHTML, like Gecko) Chrome/146.0.0.0 Safari/537.36 Edg/146.0.0.0" "179.58.181.207" response-time=0.000
179.58.181.207 - - [22/Mar/2026:08:12:29 +0000] "GET / HTTP/1.1" 500 1180 "-" "Mozilla/5.0 (Windows NT 10.0; Win64; x64) AppleWebKit/537.36 (KHTML, like Gecko) Chrome/146.0.0.0 Safari/537.36 Edg/146.0.0.0" "179.58.181.207" response-time=0.009
179.58.181.207 - - [22/Mar/2026:08:14:54 +0000] "GET /health HTTP/1.1" 500 1180 "-" "Mozilla/5.0 (Windows NT 10.0; Win64; x64) AppleWebKit/537.36 (KHTML, like Gecko) Chrome/146.0.0.0 Safari/537.36 Edg/146.0.0.0" "179.58.181.207" response-time=0.005
179.58.181.207 - - [22/Mar/2026:08:15:31 +0000] "GET /health HTTP/1.1" 500 1180 "-" "node" "179.58.181.207" response-time=0.001
179.58.181.207 - - [22/Mar/2026:08:17:39 +0000] "GET /health HTTP/1.1" 500 1180 "-" "Mozilla/5.0 (Windows NT 10.0; Win64; x64) AppleWebKit/537.36 (KHTML, like Gecko) Chrome/146.0.0.0 Safari/537.36 Edg/146.0.0.0" "179.58.181.207" response-time=0.004
54.160.63.64 - - [22/Mar/2026:08:17:41 +0000] "GET / HTTP/1.1" 500 1180 "-" "python-requests/2.32.5" "54.160.63.64" response-time=0.004
54.160.63.64 - - [22/Mar/2026:08:23:24 +0000] "GET / HTTP/1.1" 500 1180 "-" "python-requests/2.32.5" "54.160.63.64" response-time=1.260
179.58.181.207 - - [22/Mar/2026:08:23:26 +0000] "GET / HTTP/1.1" 500 1180 "-" "Mozilla/5.0 (Windows NT 10.0; Win64; x64) AppleWebKit/537.36 (KHTML, like Gecko) Chrome/146.0.0.0 Safari/537.36 Edg/146.0.0.0" "179.58.181.207" response-time=0.002
54.160.63.64 - - [22/Mar/2026:08:26:23 +0000] "GET / HTTP/1.1" 500 1180 "-" "python-requests/2.32.5" "54.160.63.64" response-time=1.870
179.58.181.207 - - [22/Mar/2026:08:26:28 +0000] "GET / HTTP/1.1" 500 1180 "-" "Mozilla/5.0 (Windows NT 10.0; Win64; x64) AppleWebKit/537.36 (KHTML, like Gecko) Chrome/146.0.0.0 Safari/537.36 Edg/146.0.0.0" "179.58.181.207" response-time=0.004
54.160.63.64 - - [22/Mar/2026:08:28:49 +0000] "GET / HTTP/1.1" 500 1180 "-" "python-requests/2.32.5" "54.160.63.64" response-time=0.017
179.58.181.207 - - [22/Mar/2026:08:28:57 +0000] "GET / HTTP/1.1" 500 1180 "-" "Mozilla/5.0 (Windows NT 10.0; Win64; x64) AppleWebKit/537.36 (KHTML, like Gecko) Chrome/146.0.0.0 Safari/537.36 Edg/146.0.0.0" "179.58.181.207" response-time=0.005
54.160.63.64 - - [22/Mar/2026:08:32:02 +0000] "GET / HTTP/1.1" 500 86 "-" "python-requests/2.32.5" "54.160.63.64" response-time=1.831
54.160.63.64 - - [22/Mar/2026:08:32:37 +0000] "GET / HTTP/1.1" 500 86 "-" "python-requests/2.32.5" "54.160.63.64" response-time=0.015
179.58.181.207 - - [22/Mar/2026:08:33:03 +0000] "GET / HTTP/1.1" 500 86 "-" "Mozilla/5.0 (Windows NT 10.0; Win64; x64) AppleWebKit/537.36 (KHTML, like Gecko) Chrome/146.0.0.0 Safari/537.36 Edg/146.0.0.0" "179.58.181.207" response-time=0.019
54.160.63.64 - - [22/Mar/2026:08:35:03 +0000] "GET / HTTP/1.1" 500 1180 "-" "python-requests/2.32.5" "54.160.63.64" response-time=0.032
179.58.181.207 - - [22/Mar/2026:08:35:07 +0000] "GET / HTTP/1.1" 500 1180 "-" "Mozilla/5.0 (Windows NT 10.0; Win64; x64) AppleWebKit/537.36 (KHTML, like Gecko) Chrome/146.0.0.0 Safari/537.36 Edg/146.0.0.0" "179.58.181.207" response-time=0.005
54.160.63.64 - - [22/Mar/2026:08:36:48 +0000] "GET / HTTP/1.1" 200 63 "-" "python-requests/2.32.5" "54.160.63.64" response-time=0.171
179.58.181.207 - - [22/Mar/2026:08:36:49 +0000] "GET / HTTP/1.1" 200 63 "-" "Mozilla/5.0 (Windows NT 10.0; Win64; x64) AppleWebKit/537.36 (KHTML, like Gecko) Chrome/146.0.0.0 Safari/537.36 Edg/146.0.0.0" "179.58.181.207" response-time=0.019
179.58.181.207 - - [22/Mar/2026:08:38:04 +0000] "GET /health HTTP/1.1" 200 53 "-" "Mozilla/5.0 (Windows NT 10.0; Win64; x64) AppleWebKit/537.36 (KHTML, like Gecko) Chrome/146.0.0.0 Safari/537.36 Edg/146.0.0.0" "179.58.181.207" response-time=0.023
179.58.181.207 - - [22/Mar/2026:08:38:42 +0000] "GET /docs HTTP/1.1" 200 548 "-" "Mozilla/5.0 (Windows NT 10.0; Win64; x64) AppleWebKit/537.36 (KHTML, like Gecko) Chrome/146.0.0.0 Safari/537.36 Edg/146.0.0.0" "179.58.181.207" response-time=0.001
179.58.181.207 - - [22/Mar/2026:08:38:45 +0000] "GET /openapi.json HTTP/1.1" 200 6778 "https://giovann.pythonanywhere.com/docs" "Mozilla/5.0 (Windows NT 10.0; Win64; x64) AppleWebKit/537.36 (KHTML, like Gecko) Chrome/146.0.0.0 Safari/537.36 Edg/146.0.0.0" "179.58.181.207" response-time=0.165
179.58.181.207 - - [22/Mar/2026:08:40:13 +0000] "GET / HTTP/1.1" 200 63 "-" "Mozilla/5.0 (Windows NT 10.0; Win64; x64) AppleWebKit/537.36 (KHTML, like Gecko) Chrome/146.0.0.0 Safari/537.36 Edg/146.0.0.0" "179.58.181.207" response-time=0.003
54.160.63.64 - - [22/Mar/2026:08:50:32 +0000] "GET / HTTP/1.1" 200 63 "-" "python-requests/2.32.5" "54.160.63.64" response-time=2.818
179.58.181.207 - - [22/Mar/2026:08:50:45 +0000] "GET /app/ HTTP/1.1" 404 22 "-" "Mozilla/5.0 (Windows NT 10.0; Win64; x64) AppleWebKit/537.36 (KHTML, like Gecko) Chrome/146.0.0.0 Safari/537.36 Edg/146.0.0.0" "179.58.181.207" response-time=0.002
179.58.181.207 - - [22/Mar/2026:08:51:09 +0000] "GET / HTTP/1.1" 200 63 "-" "Mozilla/5.0 (Windows NT 10.0; Win64; x64) AppleWebKit/537.36 (KHTML, like Gecko) Chrome/146.0.0.0 Safari/537.36 Edg/146.0.0.0" "179.58.181.207" response-time=0.031
179.58.181.207 - - [22/Mar/2026:08:51:20 +0000] "GET /app/ HTTP/1.1" 404 22 "-" "Mozilla/5.0 (Windows NT 10.0; Win64; x64) AppleWebKit/537.36 (KHTML, like Gecko) Chrome/146.0.0.0 Safari/537.36 Edg/146.0.0.0" "179.58.181.207" response-time=0.001
179.58.181.207 - - [22/Mar/2026:08:54:41 +0000] "GET /app/ HTTP/1.1" 404 22 "-" "Mozilla/5.0 (Windows NT 10.0; Win64; x64) AppleWebKit/537.36 (KHTML, like Gecko) Chrome/146.0.0.0 Safari/537.36 Edg/146.0.0.0" "179.58.181.207" response-time=0.001
179.58.181.207 - - [22/Mar/2026:08:54:44 +0000] "GET /app/ HTTP/1.1" 404 22 "-" "Mozilla/5.0 (Windows NT 10.0; Win64; x64) AppleWebKit/537.36 (KHTML, like Gecko) Chrome/146.0.0.0 Safari/537.36 Edg/146.0.0.0" "179.58.181.207" response-time=0.001
179.58.181.207 - - [22/Mar/2026:08:54:47 +0000] "GET /app/ HTTP/1.1" 200 323 "-" "Mozilla/5.0 (Windows NT 10.0; Win64; x64) AppleWebKit/537.36 (KHTML, like Gecko) Chrome/146.0.0.0 Safari/537.36 Edg/146.0.0.0" "179.58.181.207" response-time=0.004
179.58.181.207 - - [22/Mar/2026:08:54:47 +0000] "GET /app/static/index-DhCNYgQ-.css HTTP/1.1" 404 22 "https://giovann.pythonanywhere.com/app/" "Mozilla/5.0 (Windows NT 10.0; Win64; x64) AppleWebKit/537.36 (KHTML, like Gecko) Chrome/146.0.0.0 Safari/537.36 Edg/146.0.0.0" "179.58.181.207" response-time=0.002
179.58.181.207 - - [22/Mar/2026:08:54:47 +0000] "GET /app/static/index-DQ9XSnp4.js HTTP/1.1" 404 22 "https://giovann.pythonanywhere.com/app/" "Mozilla/5.0 (Windows NT 10.0; Win64; x64) AppleWebKit/537.36 (KHTML, like Gecko) Chrome/146.0.0.0 Safari/537.36 Edg/146.0.0.0" "179.58.181.207" response-time=0.001
179.58.181.207 - - [22/Mar/2026:08:55:01 +0000] "GET /app/ HTTP/1.1" 304 0 "-" "Mozilla/5.0 (Windows NT 10.0; Win64; x64) AppleWebKit/537.36 (KHTML, like Gecko) Chrome/146.0.0.0 Safari/537.36 Edg/146.0.0.0" "179.58.181.207" response-time=0.004
179.58.181.207 - - [22/Mar/2026:08:55:01 +0000] "GET /app/static/index-DhCNYgQ-.css HTTP/1.1" 404 22 "https://giovann.pythonanywhere.com/app/" "Mozilla/5.0 (Windows NT 10.0; Win64; x64) AppleWebKit/537.36 (KHTML, like Gecko) Chrome/146.0.0.0 Safari/537.36 Edg/146.0.0.0" "179.58.181.207" response-time=0.002
179.58.181.207 - - [22/Mar/2026:08:55:01 +0000] "GET /app/static/index-DQ9XSnp4.js HTTP/1.1" 200 223006 "https://giovann.pythonanywhere.com/app/" "Mozilla/5.0 (Windows NT 10.0; Win64; x64) AppleWebKit/537.36 (KHTML, like Gecko) Chrome/146.0.0.0 Safari/537.36 Edg/146.0.0.0" "179.58.181.207" response-time=0.081
54.160.63.64 - - [22/Mar/2026:08:55:19 +0000] "GET / HTTP/1.1" 200 63 "-" "python-requests/2.32.5" "54.160.63.64" response-time=1.506
179.58.181.207 - - [22/Mar/2026:08:55:44 +0000] "GET /app/static/index-DQ9XSnp4.js HTTP/1.1" 304 0 "https://giovann.pythonanywhere.com/app/" "Mozilla/5.0 (Windows NT 10.0; Win64; x64) AppleWebKit/537.36 (KHTML, like Gecko) Chrome/146.0.0.0 Safari/537.36 Edg/146.0.0.0" "179.58.181.207" response-time=0.001
179.58.181.207 - - [22/Mar/2026:08:55:44 +0000] "GET /app/static/index-DhCNYgQ-.css HTTP/1.1" 200 15540 "https://giovann.pythonanywhere.com/app/" "Mozilla/5.0 (Windows NT 10.0; Win64; x64) AppleWebKit/537.36 (KHTML, like Gecko) Chrome/146.0.0.0 Safari/537.36 Edg/146.0.0.0" "179.58.181.207" response-time=0.002
179.58.181.207 - - [22/Mar/2026:08:57:06 +0000] "GET /app/ HTTP/1.1" 304 0 "-" "Mozilla/5.0 (Windows NT 10.0; Win64; x64) AppleWebKit/537.36 (KHTML, like Gecko) Chrome/146.0.0.0 Safari/537.36 Edg/146.0.0.0" "179.58.181.207" response-time=0.002
179.58.181.207 - - [22/Mar/2026:08:57:06 +0000] "GET /app/static/index-DQ9XSnp4.js HTTP/1.1" 304 0 "https://giovann.pythonanywhere.com/app/" "Mozilla/5.0 (Windows NT 10.0; Win64; x64) AppleWebKit/537.36 (KHTML, like Gecko) Chrome/146.0.0.0 Safari/537.36 Edg/146.0.0.0" "179.58.181.207" response-time=0.001
179.58.181.207 - - [22/Mar/2026:08:57:06 +0000] "GET /app/static/index-DhCNYgQ-.css HTTP/1.1" 304 0 "https://giovann.pythonanywhere.com/app/" "Mozilla/5.0 (Windows NT 10.0; Win64; x64) AppleWebKit/537.36 (KHTML, like Gecko) Chrome/146.0.0.0 Safari/537.36 Edg/146.0.0.0" "179.58.181.207" response-time=0.001
179.58.181.207 - - [22/Mar/2026:08:57:33 +0000] "GET /app/static/index-DhCNYgQ-.css HTTP/1.1" 304 0 "https://giovann.pythonanywhere.com/app/" "Mozilla/5.0 (Windows NT 10.0; Win64; x64) AppleWebKit/537.36 (KHTML, like Gecko) Chrome/146.0.0.0 Safari/537.36 Edg/146.0.0.0" "179.58.181.207" response-time=0.002
179.58.181.207 - - [22/Mar/2026:08:59:52 +0000] "GET /app/ HTTP/1.1" 304 0 "-" "Mozilla/5.0 (Windows NT 10.0; Win64; x64) AppleWebKit/537.36 (KHTML, like Gecko) Chrome/146.0.0.0 Safari/537.36 Edg/146.0.0.0" "179.58.181.207" response-time=0.002
179.58.181.207 - - [22/Mar/2026:08:59:52 +0000] "GET /app/static/index-DQ9XSnp4.js HTTP/1.1" 304 0 "https://giovann.pythonanywhere.com/app/" "Mozilla/5.0 (Windows NT 10.0; Win64; x64) AppleWebKit/537.36 (KHTML, like Gecko) Chrome/146.0.0.0 Safari/537.36 Edg/146.0.0.0" "179.58.181.207" response-time=0.004
179.58.181.207 - - [22/Mar/2026:08:59:52 +0000] "GET /app/static/index-DhCNYgQ-.css HTTP/1.1" 304 0 "https://giovann.pythonanywhere.com/app/" "Mozilla/5.0 (Windows NT 10.0; Win64; x64) AppleWebKit/537.36 (KHTML, like Gecko) Chrome/146.0.0.0 Safari/537.36 Edg/146.0.0.0" "179.58.181.207" response-time=0.007
179.58.181.207 - - [22/Mar/2026:09:06:22 +0000] "GET /app/ HTTP/1.1" 304 0 "-" "Mozilla/5.0 (Windows NT 10.0; Win64; x64) AppleWebKit/537.36 (KHTML, like Gecko) Chrome/146.0.0.0 Safari/537.36 Edg/146.0.0.0" "179.58.181.207" response-time=0.002
179.58.181.207 - - [22/Mar/2026:09:06:23 +0000] "GET /app/static/index-DQ9XSnp4.js HTTP/1.1" 304 0 "https://giovann.pythonanywhere.com/app/" "Mozilla/5.0 (Windows NT 10.0; Win64; x64) AppleWebKit/537.36 (KHTML, like Gecko) Chrome/146.0.0.0 Safari/537.36 Edg/146.0.0.0" "179.58.181.207" response-time=0.001
179.58.181.207 - - [22/Mar/2026:09:06:23 +0000] "GET /app/static/index-DhCNYgQ-.css HTTP/1.1" 304 0 "https://giovann.pythonanywhere.com/app/" "Mozilla/5.0 (Windows NT 10.0; Win64; x64) AppleWebKit/537.36 (KHTML, like Gecko) Chrome/146.0.0.0 Safari/537.36 Edg/146.0.0.0" "179.58.181.207" response-time=0.001
54.160.63.64 - - [22/Mar/2026:09:09:22 +0000] "GET / HTTP/1.1" 200 63 "-" "python-requests/2.32.5" "54.160.63.64" response-time=1.462
54.160.63.64 - - [22/Mar/2026:09:14:41 +0000] "GET / HTTP/1.1" 200 63 "-" "python-requests/2.32.5" "54.160.63.64" response-time=0.362
179.58.181.207 - - [22/Mar/2026:09:15:00 +0000] "GET /app/ HTTP/1.1" 200 322 "-" "Mozilla/5.0 (Windows NT 10.0; Win64; x64) AppleWebKit/537.36 (KHTML, like Gecko) Chrome/146.0.0.0 Safari/537.36 Edg/146.0.0.0" "179.58.181.207" response-time=0.003
179.58.181.207 - - [22/Mar/2026:09:15:00 +0000] "GET /app/static/index-DhCNYgQ-.css HTTP/1.1" 200 15540 "https://giovann.pythonanywhere.com/app/" "Mozilla/5.0 (Windows NT 10.0; Win64; x64) AppleWebKit/537.36 (KHTML, like Gecko) Chrome/146.0.0.0 Safari/537.36 Edg/146.0.0.0" "179.58.181.207" response-time=0.014
179.58.181.207 - - [22/Mar/2026:09:15:00 +0000] "GET /app/static/index-BpUo0RAd.js HTTP/1.1" 200 223018 "https://giovann.pythonanywhere.com/app/" "Mozilla/5.0 (Windows NT 10.0; Win64; x64) AppleWebKit/537.36 (KHTML, like Gecko) Chrome/146.0.0.0 Safari/537.36 Edg/146.0.0.0" "179.58.181.207" response-time=0.048
179.58.181.207 - - [22/Mar/2026:09:15:08 +0000] "POST /api/auth/login HTTP/1.1" 422 82 "https://giovann.pythonanywhere.com/app/login" "Mozilla/5.0 (Windows NT 10.0; Win64; x64) AppleWebKit/537.36 (KHTML, like Gecko) Chrome/146.0.0.0 Safari/537.36 Edg/146.0.0.0" "179.58.181.207" response-time=0.009
179.58.181.207 - - [22/Mar/2026:09:15:14 +0000] "POST /api/auth/login HTTP/1.1" 422 82 "https://giovann.pythonanywhere.com/app/login" "Mozilla/5.0 (Windows NT 10.0; Win64; x64) AppleWebKit/537.36 (KHTML, like Gecko) Chrome/146.0.0.0 Safari/537.36 Edg/146.0.0.0" "179.58.181.207" response-time=0.013
179.58.181.207 - - [22/Mar/2026:09:15:20 +0000] "POST /api/auth/login HTTP/1.1" 422 82 "https://giovann.pythonanywhere.com/app/login" "Mozilla/5.0 (Windows NT 10.0; Win64; x64) AppleWebKit/537.36 (KHTML, like Gecko) Chrome/146.0.0.0 Safari/537.36 Edg/146.0.0.0" "179.58.181.207" response-time=0.005
179.58.181.207 - - [22/Mar/2026:09:15:38 +0000] "POST /api/auth/login HTTP/1.1" 422 82 "https://giovann.pythonanywhere.com/app/login" "Mozilla/5.0 (Windows NT 10.0; Win64; x64) AppleWebKit/537.36 (KHTML, like Gecko) Chrome/146.0.0.0 Safari/537.36 Edg/146.0.0.0" "179.58.181.207" response-time=0.002
179.58.181.207 - - [22/Mar/2026:09:15:40 +0000] "POST /api/auth/login HTTP/1.1" 422 82 "https://giovann.pythonanywhere.com/app/login" "Mozilla/5.0 (Windows NT 10.0; Win64; x64) AppleWebKit/537.36 (KHTML, like Gecko) Chrome/146.0.0.0 Safari/537.36 Edg/146.0.0.0" "179.58.181.207" response-time=0.001
179.58.181.207 - - [22/Mar/2026:09:15:44 +0000] "POST /api/auth/login HTTP/1.1" 422 82 "https://giovann.pythonanywhere.com/app/login" "Mozilla/5.0 (Windows NT 10.0; Win64; x64) AppleWebKit/537.36 (KHTML, like Gecko) Chrome/146.0.0.0 Safari/537.36 Edg/146.0.0.0" "179.58.181.207" response-time=0.005
179.58.181.207 - - [22/Mar/2026:09:15:48 +0000] "POST /api/auth/login HTTP/1.1" 422 82 "https://giovann.pythonanywhere.com/app/login" "Mozilla/5.0 (Windows NT 10.0; Win64; x64) AppleWebKit/537.36 (KHTML, like Gecko) Chrome/146.0.0.0 Safari/537.36 Edg/146.0.0.0" "179.58.181.207" response-time=0.004
179.58.181.207 - - [22/Mar/2026:09:16:01 +0000] "GET /app/static/index-DhCNYgQ-.css HTTP/1.1" 304 0 "https://giovann.pythonanywhere.com/app/login" "Mozilla/5.0 (Windows NT 10.0; Win64; x64) AppleWebKit/537.36 (KHTML, like Gecko) Chrome/146.0.0.0 Safari/537.36 Edg/146.0.0.0" "179.58.181.207" response-time=0.003
179.58.181.207 - - [22/Mar/2026:09:23:19 +0000] "POST /api/auth/login HTTP/1.1" 422 82 "https://giovann.pythonanywhere.com/app/login" "Mozilla/5.0 (Windows NT 10.0; Win64; x64) AppleWebKit/537.36 (KHTML, like Gecko) Chrome/146.0.0.0 Safari/537.36 Edg/146.0.0.0" "179.58.181.207" response-time=0.001
179.58.181.207 - - [22/Mar/2026:09:23:22 +0000] "POST /api/auth/login HTTP/1.1" 422 82 "https://giovann.pythonanywhere.com/app/login" "Mozilla/5.0 (Windows NT 10.0; Win64; x64) AppleWebKit/537.36 (KHTML, like Gecko) Chrome/146.0.0.0 Safari/537.36 Edg/146.0.0.0" "179.58.181.207" response-time=0.002
179.58.181.207 - - [22/Mar/2026:09:25:30 +0000] "POST /api/auth/login HTTP/1.1" 422 82 "https://giovann.pythonanywhere.com/app/login" "Mozilla/5.0 (Windows NT 10.0; Win64; x64) AppleWebKit/537.36 (KHTML, like Gecko) Chrome/146.0.0.0 Safari/537.36 Edg/146.0.0.0" "179.58.181.207" response-time=0.001
179.58.181.207 - - [22/Mar/2026:09:27:32 +0000] "GET /app/login HTTP/1.1" 404 22 "-" "Mozilla/5.0 (Windows NT 10.0; Win64; x64) AppleWebKit/537.36 (KHTML, like Gecko) Chrome/146.0.0.0 Safari/537.36 Edg/146.0.0.0" "179.58.181.207" response-time=0.005
179.58.181.207 - - [22/Mar/2026:09:27:45 +0000] "GET /app/login HTTP/1.1" 404 22 "-" "Mozilla/5.0 (Windows NT 10.0; Win64; x64) AppleWebKit/537.36 (KHTML, like Gecko) Chrome/146.0.0.0 Safari/537.36 Edg/146.0.0.0" "179.58.181.207" response-time=0.001
179.58.181.207 - - [22/Mar/2026:09:27:57 +0000] "GET / HTTP/1.1" 200 63 "-" "Mozilla/5.0 (Windows NT 10.0; Win64; x64) AppleWebKit/537.36 (KHTML, like Gecko) Chrome/146.0.0.0 Safari/537.36 Edg/146.0.0.0" "179.58.181.207" response-time=0.046
179.58.181.207 - - [22/Mar/2026:09:28:16 +0000] "GET /app/static/index-DhCNYgQ-.css HTTP/1.1" 304 0 "https://giovann.pythonanywhere.com/app/" "Mozilla/5.0 (Windows NT 10.0; Win64; x64) AppleWebKit/537.36 (KHTML, like Gecko) Chrome/146.0.0.0 Safari/537.36 Edg/146.0.0.0" "179.58.181.207" response-time=0.001
179.58.181.207 - - [22/Mar/2026:09:28:16 +0000] "GET /app/static/index-BpUo0RAd.js HTTP/1.1" 304 0 "https://giovann.pythonanywhere.com/app/" "Mozilla/5.0 (Windows NT 10.0; Win64; x64) AppleWebKit/537.36 (KHTML, like Gecko) Chrome/146.0.0.0 Safari/537.36 Edg/146.0.0.0" "179.58.181.207" response-time=0.000
179.58.181.207 - - [22/Mar/2026:09:28:33 +0000] "POST /api/auth/login HTTP/1.1" 422 82 "https://giovann.pythonanywhere.com/app/login" "Mozilla/5.0 (Windows NT 10.0; Win64; x64) AppleWebKit/537.36 (KHTML, like Gecko) Chrome/146.0.0.0 Safari/537.36 Edg/146.0.0.0" "179.58.181.207" response-time=0.001
179.58.181.207 - - [22/Mar/2026:09:33:39 +0000] "GET / HTTP/1.1" 200 63 "-" "Mozilla/5.0 (Windows NT 10.0; Win64; x64) AppleWebKit/537.36 (KHTML, like Gecko) Chrome/146.0.0.0 Safari/537.36 Edg/146.0.0.0" "179.58.181.207" response-time=0.002
54.160.63.64 - - [22/Mar/2026:10:14:04 +0000] "GET / HTTP/1.1" 500 1180 "-" "python-requests/2.32.5" "54.160.63.64" response-time=1.260
179.58.181.207 - - [22/Mar/2026:10:14:30 +0000] "GET / HTTP/1.1" 500 1180 "-" "Mozilla/5.0 (Windows NT 10.0; Win64; x64) AppleWebKit/537.36 (KHTML, like Gecko) Chrome/146.0.0.0 Safari/537.36 Edg/146.0.0.0" "179.58.181.207" response-time=0.005
179.58.181.207 - - [22/Mar/2026:10:14:41 +0000] "GET / HTTP/1.1" 500 1180 "-" "Mozilla/5.0 (Windows NT 10.0; Win64; x64) AppleWebKit/537.36 (KHTML, like Gecko) Chrome/146.0.0.0 Safari/537.36 Edg/146.0.0.0" "179.58.181.207" response-time=0.002
179.58.181.207 - - [22/Mar/2026:10:14:50 +0000] "GET /app/ HTTP/1.1" 304 0 "-" "Mozilla/5.0 (Windows NT 10.0; Win64; x64) AppleWebKit/537.36 (KHTML, like Gecko) Chrome/146.0.0.0 Safari/537.36 Edg/146.0.0.0" "179.58.181.207" response-time=0.001
179.58.181.207 - - [22/Mar/2026:10:14:50 +0000] "GET /app/static/index-BpUo0RAd.js HTTP/1.1" 304 0 "https://giovann.pythonanywhere.com/app/" "Mozilla/5.0 (Windows NT 10.0; Win64; x64) AppleWebKit/537.36 (KHTML, like Gecko) Chrome/146.0.0.0 Safari/537.36 Edg/146.0.0.0" "179.58.181.207" response-time=0.001
179.58.181.207 - - [22/Mar/2026:10:14:50 +0000] "GET /app/static/index-DhCNYgQ-.css HTTP/1.1" 304 0 "https://giovann.pythonanywhere.com/app/" "Mozilla/5.0 (Windows NT 10.0; Win64; x64) AppleWebKit/537.36 (KHTML, like Gecko) Chrome/146.0.0.0 Safari/537.36 Edg/146.0.0.0" "179.58.181.207" response-time=0.001
179.58.181.207 - - [22/Mar/2026:10:14:58 +0000] "POST /api/auth/login HTTP/1.1" 500 1180 "https://giovann.pythonanywhere.com/app/login" "Mozilla/5.0 (Windows NT 10.0; Win64; x64) AppleWebKit/537.36 (KHTML, like Gecko) Chrome/146.0.0.0 Safari/537.36 Edg/146.0.0.0" "179.58.181.207" response-time=0.003
179.58.181.207 - - [22/Mar/2026:10:15:01 +0000] "POST /api/auth/login HTTP/1.1" 500 1180 "https://giovann.pythonanywhere.com/app/login" "Mozilla/5.0 (Windows NT 10.0; Win64; x64) AppleWebKit/537.36 (KHTML, like Gecko) Chrome/146.0.0.0 Safari/537.36 Edg/146.0.0.0" "179.58.181.207" response-time=0.003
179.58.181.207 - - [22/Mar/2026:10:18:25 +0000] "GET /docs HTTP/1.1" 200 548 "-" "Mozilla/5.0 (Windows NT 10.0; Win64; x64) AppleWebKit/537.36 (KHTML, like Gecko) Chrome/146.0.0.0 Safari/537.36 Edg/146.0.0.0" "179.58.181.207" response-time=0.015
179.58.181.207 - - [22/Mar/2026:10:18:26 +0000] "GET /openapi.json HTTP/1.1" 200 6778 "https://giovann.pythonanywhere.com/docs" "Mozilla/5.0 (Windows NT 10.0; Win64; x64) AppleWebKit/537.36 (KHTML, like Gecko) Chrome/146.0.0.0 Safari/537.36 Edg/146.0.0.0" "179.58.181.207" response-time=0.445
179.58.181.207 - - [22/Mar/2026:10:19:41 +0000] "POST /api/auth/login HTTP/1.1" 422 82 "https://giovann.pythonanywhere.com/docs" "Mozilla/5.0 (Windows NT 10.0; Win64; x64) AppleWebKit/537.36 (KHTML, like Gecko) Chrome/146.0.0.0 Safari/537.36 Edg/146.0.0.0" "179.58.181.207" response-time=0.038
179.58.181.207 - - [22/Mar/2026:10:19:54 +0000] "POST /api/auth/login HTTP/1.1" 422 82 "https://giovann.pythonanywhere.com/docs" "Mozilla/5.0 (Windows NT 10.0; Win64; x64) AppleWebKit/537.36 (KHTML, like Gecko) Chrome/146.0.0.0 Safari/537.36 Edg/146.0.0.0" "179.58.181.207" response-time=0.009
54.160.63.64 - - [22/Mar/2026:10:27:35 +0000] "GET / HTTP/1.1" 200 63 "-" "python-requests/2.32.5" "54.160.63.64" response-time=2.913
54.160.63.64 - - [22/Mar/2026:10:28:12 +0000] "GET / HTTP/1.1" 200 63 "-" "python-requests/2.32.5" "54.160.63.64" response-time=0.532
179.58.181.207 - - [22/Mar/2026:10:28:18 +0000] "GET / HTTP/1.1" 200 63 "-" "Mozilla/5.0 (Windows NT 10.0; Win64; x64) AppleWebKit/537.36 (KHTML, like Gecko) Chrome/146.0.0.0 Safari/537.36 Edg/146.0.0.0" "179.58.181.207" response-time=0.020
179.58.181.207 - - [22/Mar/2026:10:28:26 +0000] "GET /app/ HTTP/1.1" 304 0 "-" "Mozilla/5.0 (Windows NT 10.0; Win64; x64) AppleWebKit/537.36 (KHTML, like Gecko) Chrome/146.0.0.0 Safari/537.36 Edg/146.0.0.0" "179.58.181.207" response-time=0.002
179.58.181.207 - - [22/Mar/2026:10:28:26 +0000] "GET /app/static/index-BpUo0RAd.js HTTP/1.1" 304 0 "https://giovann.pythonanywhere.com/app/" "Mozilla/5.0 (Windows NT 10.0; Win64; x64) AppleWebKit/537.36 (KHTML, like Gecko) Chrome/146.0.0.0 Safari/537.36 Edg/146.0.0.0" "179.58.181.207" response-time=0.001
179.58.181.207 - - [22/Mar/2026:10:28:26 +0000] "GET /app/static/index-DhCNYgQ-.css HTTP/1.1" 304 0 "https://giovann.pythonanywhere.com/app/" "Mozilla/5.0 (Windows NT 10.0; Win64; x64) AppleWebKit/537.36 (KHTML, like Gecko) Chrome/146.0.0.0 Safari/537.36 Edg/146.0.0.0" "179.58.181.207" response-time=0.001
179.58.181.207 - - [22/Mar/2026:10:28:34 +0000] "POST /api/auth/login HTTP/1.1" 422 82 "https://giovann.pythonanywhere.com/app/login" "Mozilla/5.0 (Windows NT 10.0; Win64; x64) AppleWebKit/537.36 (KHTML, like Gecko) Chrome/146.0.0.0 Safari/537.36 Edg/146.0.0.0" "179.58.181.207" response-time=0.005
179.58.181.207 - - [22/Mar/2026:10:28:36 +0000] "POST /api/auth/login HTTP/1.1" 422 82 "https://giovann.pythonanywhere.com/app/login" "Mozilla/5.0 (Windows NT 10.0; Win64; x64) AppleWebKit/537.36 (KHTML, like Gecko) Chrome/146.0.0.0 Safari/537.36 Edg/146.0.0.0" "179.58.181.207" response-time=0.018
179.58.181.207 - - [22/Mar/2026:10:37:10 +0000] "GET / HTTP/1.1" 502 1661 "-" "Mozilla/5.0 (Windows NT 10.0; Win64; x64) AppleWebKit/537.36 (KHTML, like Gecko) Chrome/146.0.0.0 Safari/537.36 Edg/146.0.0.0" "179.58.181.207" response-time=0.000
54.160.63.64 - - [22/Mar/2026:10:37:12 +0000] "GET / HTTP/1.1" 500 1180 "-" "python-requests/2.32.5" "54.160.63.64" response-time=0.015
179.58.181.207 - - [22/Mar/2026:10:37:27 +0000] "GET /app/ HTTP/1.1" 304 0 "-" "Mozilla/5.0 (Windows NT 10.0; Win64; x64) AppleWebKit/537.36 (KHTML, like Gecko) Chrome/146.0.0.0 Safari/537.36 Edg/146.0.0.0" "179.58.181.207" response-time=0.000
179.58.181.207 - - [22/Mar/2026:10:37:27 +0000] "GET /app/static/index-BpUo0RAd.js HTTP/1.1" 304 0 "https://giovann.pythonanywhere.com/app/" "Mozilla/5.0 (Windows NT 10.0; Win64; x64) AppleWebKit/537.36 (KHTML, like Gecko) Chrome/146.0.0.0 Safari/537.36 Edg/146.0.0.0" "179.58.181.207" response-time=0.002
179.58.181.207 - - [22/Mar/2026:10:37:27 +0000] "GET /app/static/index-DhCNYgQ-.css HTTP/1.1" 304 0 "https://giovann.pythonanywhere.com/app/" "Mozilla/5.0 (Windows NT 10.0; Win64; x64) AppleWebKit/537.36 (KHTML, like Gecko) Chrome/146.0.0.0 Safari/537.36 Edg/146.0.0.0" "179.58.181.207" response-time=0.001
179.58.181.207 - - [22/Mar/2026:10:37:37 +0000] "POST /api/auth/login HTTP/1.1" 500 1180 "https://giovann.pythonanywhere.com/app/login" "Mozilla/5.0 (Windows NT 10.0; Win64; x64) AppleWebKit/537.36 (KHTML, like Gecko) Chrome/146.0.0.0 Safari/537.36 Edg/146.0.0.0" "179.58.181.207" response-time=0.012
179.58.181.207 - - [22/Mar/2026:10:37:39 +0000] "POST /api/auth/login HTTP/1.1" 500 1180 "https://giovann.pythonanywhere.com/app/login" "Mozilla/5.0 (Windows NT 10.0; Win64; x64) AppleWebKit/537.36 (KHTML, like Gecko) Chrome/146.0.0.0 Safari/537.36 Edg/146.0.0.0" "179.58.181.207" response-time=0.005
179.58.181.207 - - [22/Mar/2026:10:37:40 +0000] "POST /api/auth/login HTTP/1.1" 500 1180 "https://giovann.pythonanywhere.com/app/login" "Mozilla/5.0 (Windows NT 10.0; Win64; x64) AppleWebKit/537.36 (KHTML, like Gecko) Chrome/146.0.0.0 Safari/537.36 Edg/146.0.0.0" "179.58.181.207" response-time=0.011
179.58.181.207 - - [22/Mar/2026:10:37:41 +0000] "POST /api/auth/login HTTP/1.1" 500 1180 "https://giovann.pythonanywhere.com/app/login" "Mozilla/5.0 (Windows NT 10.0; Win64; x64) AppleWebKit/537.36 (KHTML, like Gecko) Chrome/146.0.0.0 Safari/537.36 Edg/146.0.0.0" "179.58.181.207" response-time=0.010
179.58.181.207 - - [22/Mar/2026:10:37:41 +0000] "POST /api/auth/login HTTP/1.1" 500 1180 "https://giovann.pythonanywhere.com/app/login" "Mozilla/5.0 (Windows NT 10.0; Win64; x64) AppleWebKit/537.36 (KHTML, like Gecko) Chrome/146.0.0.0 Safari/537.36 Edg/146.0.0.0" "179.58.181.207" response-time=0.005
54.160.63.64 - - [22/Mar/2026:10:43:37 +0000] "GET / HTTP/1.1" 200 63 "-" "python-requests/2.32.5" "54.160.63.64" response-time=1.154
179.58.181.207 - - [22/Mar/2026:10:44:12 +0000] "POST /api/auth/login HTTP/1.1" 422 82 "https://giovann.pythonanywhere.com/app/login" "Mozilla/5.0 (Windows NT 10.0; Win64; x64) AppleWebKit/537.36 (KHTML, like Gecko) Chrome/146.0.0.0 Safari/537.36 Edg/146.0.0.0" "179.58.181.207" response-time=0.015
179.58.181.207 - - [22/Mar/2026:10:45:13 +0000] "POST /api/auth/login HTTP/1.1" 422 82 "https://giovann.pythonanywhere.com/app/login" "Mozilla/5.0 (Windows NT 10.0; Win64; x64) AppleWebKit/537.36 (KHTML, like Gecko) Chrome/146.0.0.0 Safari/537.36 Edg/146.0.0.0" "179.58.181.207" response-time=0.004
179.58.181.207 - - [22/Mar/2026:10:45:58 +0000] "POST /api/auth/login HTTP/1.1" 422 82 "https://giovann.pythonanywhere.com/app/login" "Mozilla/5.0 (Windows NT 10.0; Win64; x64) AppleWebKit/537.36 (KHTML, like Gecko) Chrome/146.0.0.0 Safari/537.36 Edg/146.0.0.0" "179.58.181.207" response-time=0.002
179.58.181.207 - - [22/Mar/2026:10:45:59 +0000] "POST /api/auth/login HTTP/1.1" 422 82 "https://giovann.pythonanywhere.com/app/login" "Mozilla/5.0 (Windows NT 10.0; Win64; x64) AppleWebKit/537.36 (KHTML, like Gecko) Chrome/146.0.0.0 Safari/537.36 Edg/146.0.0.0" "179.58.181.207" response-time=0.002
179.58.181.207 - - [22/Mar/2026:10:46:00 +0000] "POST /api/auth/login HTTP/1.1" 422 82 "https://giovann.pythonanywhere.com/app/login" "Mozilla/5.0 (Windows NT 10.0; Win64; x64) AppleWebKit/537.36 (KHTML, like Gecko) Chrome/146.0.0.0 Safari/537.36 Edg/146.0.0.0" "179.58.181.207" response-time=0.001
179.58.181.207 - - [22/Mar/2026:10:46:00 +0000] "POST /api/auth/login HTTP/1.1" 422 82 "https://giovann.pythonanywhere.com/app/login" "Mozilla/5.0 (Windows NT 10.0; Win64; x64) AppleWebKit/537.36 (KHTML, like Gecko) Chrome/146.0.0.0 Safari/537.36 Edg/146.0.0.0" "179.58.181.207" response-time=0.019
179.58.181.207 - - [22/Mar/2026:10:46:01 +0000] "POST /api/auth/login HTTP/1.1" 422 82 "https://giovann.pythonanywhere.com/app/login" "Mozilla/5.0 (Windows NT 10.0; Win64; x64) AppleWebKit/537.36 (KHTML, like Gecko) Chrome/146.0.0.0 Safari/537.36 Edg/146.0.0.0" "179.58.181.207" response-time=0.001
54.160.63.64 - - [22/Mar/2026:10:53:47 +0000] "GET / HTTP/1.1" 200 63 "-" "python-requests/2.32.5" "54.160.63.64" response-time=1.314
179.58.181.207 - - [22/Mar/2026:10:53:56 +0000] "GET /app/ HTTP/1.1" 304 0 "-" "Mozilla/5.0 (Windows NT 10.0; Win64; x64) AppleWebKit/537.36 (KHTML, like Gecko) Chrome/146.0.0.0 Safari/537.36 Edg/146.0.0.0" "179.58.181.207" response-time=0.001
179.58.181.207 - - [22/Mar/2026:10:53:56 +0000] "GET /app/static/index-BpUo0RAd.js HTTP/1.1" 304 0 "https://giovann.pythonanywhere.com/app/" "Mozilla/5.0 (Windows NT 10.0; Win64; x64) AppleWebKit/537.36 (KHTML, like Gecko) Chrome/146.0.0.0 Safari/537.36 Edg/146.0.0.0" "179.58.181.207" response-time=0.001
179.58.181.207 - - [22/Mar/2026:10:53:56 +0000] "GET /app/static/index-DhCNYgQ-.css HTTP/1.1" 304 0 "https://giovann.pythonanywhere.com/app/" "Mozilla/5.0 (Windows NT 10.0; Win64; x64) AppleWebKit/537.36 (KHTML, like Gecko) Chrome/146.0.0.0 Safari/537.36 Edg/146.0.0.0" "179.58.181.207" response-time=0.001
179.58.181.207 - - [22/Mar/2026:10:54:11 +0000] "POST /api/auth/login HTTP/1.1" 422 82 "https://giovann.pythonanywhere.com/app/login" "Mozilla/5.0 (Windows NT 10.0; Win64; x64) AppleWebKit/537.36 (KHTML, like Gecko) Chrome/146.0.0.0 Safari/537.36 Edg/146.0.0.0" "179.58.181.207" response-time=0.008
179.58.181.207 - - [22/Mar/2026:10:54:12 +0000] "POST /api/auth/login HTTP/1.1" 422 82 "https://giovann.pythonanywhere.com/app/login" "Mozilla/5.0 (Windows NT 10.0; Win64; x64) AppleWebKit/537.36 (KHTML, like Gecko) Chrome/146.0.0.0 Safari/537.36 Edg/146.0.0.0" "179.58.181.207" response-time=0.004
179.58.181.207 - - [22/Mar/2026:10:54:13 +0000] "POST /api/auth/login HTTP/1.1" 422 82 "https://giovann.pythonanywhere.com/app/login" "Mozilla/5.0 (Windows NT 10.0; Win64; x64) AppleWebKit/537.36 (KHTML, like Gecko) Chrome/146.0.0.0 Safari/537.36 Edg/146.0.0.0" "179.58.181.207" response-time=0.001
179.58.181.207 - - [22/Mar/2026:10:54:21 +0000] "POST /api/auth/login HTTP/1.1" 422 82 "https://giovann.pythonanywhere.com/app/login" "Mozilla/5.0 (Windows NT 10.0; Win64; x64) AppleWebKit/537.36 (KHTML, like Gecko) Chrome/146.0.0.0 Safari/537.36 Edg/146.0.0.0" "179.58.181.207" response-time=0.002
179.58.181.207 - - [22/Mar/2026:10:54:23 +0000] "POST /api/auth/login HTTP/1.1" 422 82 "https://giovann.pythonanywhere.com/app/login" "Mozilla/5.0 (Windows NT 10.0; Win64; x64) AppleWebKit/537.36 (KHTML, like Gecko) Chrome/146.0.0.0 Safari/537.36 Edg/146.0.0.0" "179.58.181.207" response-time=0.001
179.58.181.207 - - [22/Mar/2026:10:54:23 +0000] "POST /api/auth/login HTTP/1.1" 422 82 "https://giovann.pythonanywhere.com/app/login" "Mozilla/5.0 (Windows NT 10.0; Win64; x64) AppleWebKit/537.36 (KHTML, like Gecko) Chrome/146.0.0.0 Safari/537.36 Edg/146.0.0.0" "179.58.181.207" response-time=0.001
54.160.63.64 - - [22/Mar/2026:11:00:26 +0000] "GET / HTTP/1.1" 500 1180 "-" "python-requests/2.32.5" "54.160.63.64" response-time=2.827
179.58.181.207 - - [22/Mar/2026:11:00:30 +0000] "GET / HTTP/1.1" 500 1180 "-" "Mozilla/5.0 (Windows NT 10.0; Win64; x64) AppleWebKit/537.36 (KHTML, like Gecko) Chrome/146.0.0.0 Safari/537.36 Edg/146.0.0.0" "179.58.181.207" response-time=0.004
179.58.181.207 - - [22/Mar/2026:11:03:16 +0000] "GET /docs HTTP/1.1" 500 1180 "-" "Mozilla/5.0 (Windows NT 10.0; Win64; x64) AppleWebKit/537.36 (KHTML, like Gecko) Chrome/146.0.0.0 Safari/537.36 Edg/146.0.0.0" "179.58.181.207" response-time=0.001
179.58.181.207 - - [22/Mar/2026:11:04:41 +0000] "GET /docs HTTP/1.1" 500 1180 "-" "Mozilla/5.0 (Windows NT 10.0; Win64; x64) AppleWebKit/537.36 (KHTML, like Gecko) Chrome/146.0.0.0 Safari/537.36 Edg/146.0.0.0" "179.58.181.207" response-time=0.001
179.58.181.207 - - [22/Mar/2026:11:04:55 +0000] "GET /docs HTTP/1.1" 200 548 "-" "Mozilla/5.0 (Windows NT 10.0; Win64; x64) AppleWebKit/537.36 (KHTML, like Gecko) Chrome/146.0.0.0 Safari/537.36 Edg/146.0.0.0" "179.58.181.207" response-time=0.614
54.160.63.64 - - [22/Mar/2026:11:04:56 +0000] "GET / HTTP/1.1" 200 63 "-" "python-requests/2.32.5" "54.160.63.64" response-time=0.079
179.58.181.207 - - [22/Mar/2026:11:04:56 +0000] "GET /openapi.json HTTP/1.1" 200 6778 "https://giovann.pythonanywhere.com/docs" "Mozilla/5.0 (Windows NT 10.0; Win64; x64) AppleWebKit/537.36 (KHTML, like Gecko) Chrome/146.0.0.0 Safari/537.36 Edg/146.0.0.0" "179.58.181.207" response-time=0.208
179.58.181.207 - - [22/Mar/2026:11:07:37 +0000] "POST /api/auth/login HTTP/1.1" 422 82 "https://giovann.pythonanywhere.com/docs" "Mozilla/5.0 (Windows NT 10.0; Win64; x64) AppleWebKit/537.36 (KHTML, like Gecko) Chrome/146.0.0.0 Safari/537.36 Edg/146.0.0.0" "179.58.181.207" response-time=0.005
54.160.63.64 - - [22/Mar/2026:11:13:52 +0000] "GET / HTTP/1.1" 500 1180 "-" "python-requests/2.32.5" "54.160.63.64" response-time=0.027
179.58.181.207 - - [22/Mar/2026:11:13:59 +0000] "GET /app/login HTTP/1.1" 500 1180 "-" "Mozilla/5.0 (Windows NT 10.0; Win64; x64) AppleWebKit/537.36 (KHTML, like Gecko) Chrome/146.0.0.0 Safari/537.36 Edg/146.0.0.0" "179.58.181.207" response-time=0.003
54.160.63.64 - - [22/Mar/2026:11:18:23 +0000] "GET / HTTP/1.1" 500 1180 "-" "python-requests/2.32.5" "54.160.63.64" response-time=0.006
179.58.181.207 - - [22/Mar/2026:11:18:24 +0000] "GET / HTTP/1.1" 500 1180 "-" "Mozilla/5.0 (Windows NT 10.0; Win64; x64) AppleWebKit/537.36 (KHTML, like Gecko) Chrome/146.0.0.0 Safari/537.36 Edg/146.0.0.0" "179.58.181.207" response-time=0.013
179.58.181.207 - - [22/Mar/2026:11:20:47 +0000] "GET /docs HTTP/1.1" 500 1180 "-" "Mozilla/5.0 (Windows NT 10.0; Win64; x64) AppleWebKit/537.36 (KHTML, like Gecko) Chrome/146.0.0.0 Safari/537.36 Edg/146.0.0.0" "179.58.181.207" response-time=0.002
54.160.63.64 - - [22/Mar/2026:11:24:32 +0000] "GET / HTTP/1.1" 500 1180 "-" "python-requests/2.32.5" "54.160.63.64" response-time=0.997
179.58.181.207 - - [22/Mar/2026:11:25:42 +0000] "GET / HTTP/1.1" 500 1180 "-" "Mozilla/5.0 (Windows NT 10.0; Win64; x64) AppleWebKit/537.36 (KHTML, like Gecko) Chrome/146.0.0.0 Safari/537.36 Edg/146.0.0.0" "179.58.181.207" response-time=0.006
179.58.181.207 - - [22/Mar/2026:11:28:06 +0000] "GET / HTTP/1.1" 500 1180 "-" "Mozilla/5.0 (Windows NT 10.0; Win64; x64) AppleWebKit/537.36 (KHTML, like Gecko) Chrome/146.0.0.0 Safari/537.36 Edg/146.0.0.0" "179.58.181.207" response-time=5.003
54.160.63.64 - - [22/Mar/2026:11:28:06 +0000] "GET / HTTP/1.1" 500 1180 "-" "python-requests/2.32.5" "54.160.63.64" response-time=3.782
179.58.181.207 - - [22/Mar/2026:12:21:04 +0000] "GET / HTTP/1.1" 500 1180 "-" "Mozilla/5.0 (Windows NT 10.0; Win64; x64) AppleWebKit/537.36 (KHTML, like Gecko) Chrome/146.0.0.0 Safari/537.36 Edg/146.0.0.0" "179.58.181.207" response-time=0.008
179.58.181.207 - - [22/Mar/2026:12:24:21 +0000] "GET / HTTP/1.1" 200 63 "-" "Mozilla/5.0 (Windows NT 10.0; Win64; x64) AppleWebKit/537.36 (KHTML, like Gecko) Chrome/146.0.0.0 Safari/537.36 Edg/146.0.0.0" "179.58.181.207" response-time=0.046
179.58.181.207 - - [22/Mar/2026:12:24:43 +0000] "GET /docs HTTP/1.1" 200 548 "-" "Mozilla/5.0 (Windows NT 10.0; Win64; x64) AppleWebKit/537.36 (KHTML, like Gecko) Chrome/146.0.0.0 Safari/537.36 Edg/146.0.0.0" "179.58.181.207" response-time=0.001
179.58.181.207 - - [22/Mar/2026:12:24:45 +0000] "GET /openapi.json HTTP/1.1" 200 6778 "https://giovann.pythonanywhere.com/docs" "Mozilla/5.0 (Windows NT 10.0; Win64; x64) AppleWebKit/537.36 (KHTML, like Gecko) Chrome/146.0.0.0 Safari/537.36 Edg/146.0.0.0" "179.58.181.207" response-time=0.231
179.58.181.207 - - [22/Mar/2026:12:38:19 +0000] "POST /api/auth/login HTTP/1.1" 422 82 "https://giovann.pythonanywhere.com/docs" "Mozilla/5.0 (Windows NT 10.0; Win64; x64) AppleWebKit/537.36 (KHTML, like Gecko) Chrome/146.0.0.0 Safari/537.36 Edg/146.0.0.0" "179.58.181.207" response-time=0.013
179.58.181.207 - - [22/Mar/2026:12:44:42 +0000] "GET /app/ HTTP/1.1" 304 0 "-" "Mozilla/5.0 (Windows NT 10.0; Win64; x64) AppleWebKit/537.36 (KHTML, like Gecko) Chrome/146.0.0.0 Safari/537.36 Edg/146.0.0.0" "179.58.181.207" response-time=0.003
179.58.181.207 - - [22/Mar/2026:12:44:42 +0000] "GET /app/static/index-BpUo0RAd.js HTTP/1.1" 304 0 "https://giovann.pythonanywhere.com/app/" "Mozilla/5.0 (Windows NT 10.0; Win64; x64) AppleWebKit/537.36 (KHTML, like Gecko) Chrome/146.0.0.0 Safari/537.36 Edg/146.0.0.0" "179.58.181.207" response-time=0.004
179.58.181.207 - - [22/Mar/2026:12:44:42 +0000] "GET /app/static/index-DhCNYgQ-.css HTTP/1.1" 304 0 "https://giovann.pythonanywhere.com/app/" "Mozilla/5.0 (Windows NT 10.0; Win64; x64) AppleWebKit/537.36 (KHTML, like Gecko) Chrome/146.0.0.0 Safari/537.36 Edg/146.0.0.0" "179.58.181.207" response-time=0.005
179.58.181.207 - - [22/Mar/2026:12:44:50 +0000] "POST /api/auth/login HTTP/1.1" 422 82 "https://giovann.pythonanywhere.com/app/login" "Mozilla/5.0 (Windows NT 10.0; Win64; x64) AppleWebKit/537.36 (KHTML, like Gecko) Chrome/146.0.0.0 Safari/537.36 Edg/146.0.0.0" "179.58.181.207" response-time=0.001
54.160.63.64 - - [22/Mar/2026:12:49:50 +0000] "GET / HTTP/1.1" 500 1180 "-" "python-requests/2.32.5" "54.160.63.64" response-time=1.020
179.58.181.207 - - [22/Mar/2026:12:49:54 +0000] "GET /app/login HTTP/1.1" 500 1180 "-" "Mozilla/5.0 (Windows NT 10.0; Win64; x64) AppleWebKit/537.36 (KHTML, like Gecko) Chrome/146.0.0.0 Safari/537.36 Edg/146.0.0.0" "179.58.181.207" response-time=0.005